============================= test session starts =============================
platform win32 -- Python 3.12.11, pytest-9.0.2, pluggy-1.6.0 -- C:\slop\agent-pump\.venv\Scripts\python.exe
cachedir: .pytest_cache
rootdir: C:\slop\agent-pump
configfile: pyproject.toml
plugins: asyncio-1.3.0
asyncio: mode=Mode.STRICT, debug=False, asyncio_default_fixture_loop_scope=None, asyncio_default_test_loop_scope=function
collecting ... collected 27 items

tests/unit/test_models.py::TestProjectModel::test_create_project PASSED  [  3%]
tests/unit/test_models.py::TestProjectModel::test_from_path PASSED       [  7%]
tests/unit/test_models.py::TestProjectModel::test_has_roadmap ERROR      [ 11%]
tests/unit/test_models.py::TestProjectModel::test_has_best_practices ERROR [ 14%]
tests/unit/test_models.py::TestProjectModel::test_missing_roadmap PASSED [ 18%]
tests/unit/test_models.py::TestProjectModel::test_status_transitions PASSED [ 22%]
tests/unit/test_models.py::TestWorkflowState::test_create_state PASSED   [ 25%]
tests/unit/test_models.py::TestWorkflowState::test_save_and_load PASSED  [ 29%]
tests/unit/test_models.py::TestWorkflowState::test_load_missing PASSED   [ 33%]
tests/unit/test_models.py::TestWorkflowState::test_log_phase PASSED      [ 37%]
tests/unit/test_workflow.py::TestProjectWorkflow::test_initial_state ERROR [ 40%]
tests/unit/test_workflow.py::TestProjectWorkflow::test_start_transition ERROR [ 44%]
tests/unit/test_workflow.py::TestProjectWorkflow::test_planning_to_implementing ERROR [ 48%]
tests/unit/test_workflow.py::TestProjectWorkflow::test_implementing_to_brainstorming ERROR [ 51%]
tests/unit/test_workflow.py::TestProjectWorkflow::test_brainstorming_to_committing ERROR [ 55%]
tests/unit/test_workflow.py::TestProjectWorkflow::test_full_cycle ERROR  [ 59%]
tests/unit/test_workflow.py::TestProjectWorkflow::test_error_recovery ERROR [ 62%]
tests/unit/test_workflow.py::TestProjectWorkflow::test_pause_from_any_state ERROR [ 66%]
tests/unit/test_workflow.py::TestProjectWorkflow::test_state_change_callback ERROR [ 70%]
tests/unit/test_workflow.py::TestProjectWorkflow::test_get_ascii_diagram ERROR [ 74%]
tests/unit/test_workflow.py::TestProjectWorkflow::test_get_diagram_source ERROR [ 77%]
tests/unit/test_workflow.py::TestPrompts::test_planning_prompt PASSED    [ 81%]
tests/unit/test_workflow.py::TestPrompts::test_planning_prompt_with_branch PASSED [ 85%]
tests/unit/test_workflow.py::TestPrompts::test_implementing_prompt PASSED [ 88%]
tests/unit/test_workflow.py::TestPrompts::test_committing_prompt_no_git_add_all PASSED [ 92%]
tests/unit/test_workflow.py::TestGeminiBackend::test_name PASSED         [ 96%]
tests/unit/test_workflow.py::TestGeminiBackend::test_command PASSED      [100%]

=================================== ERRORS ====================================
_____________ ERROR at setup of TestProjectModel.test_has_roadmap _____________

fixturedef = <FixtureDef argname='sample_project_path' scope='function' baseid='tests'>
request = <SubRequest 'sample_project_path' for <Function test_has_roadmap>>

    @pytest.hookimpl(wrapper=True)
    def pytest_fixture_setup(fixturedef: FixtureDef, request) -> object | None:
        asyncio_mode = _get_asyncio_mode(request.config)
        if not _is_asyncio_fixture_function(fixturedef.func):
            if asyncio_mode == Mode.STRICT:
                # Ignore async fixtures without explicit asyncio mark in strict mode
                # This applies to pytest_trio fixtures, for example
>               return (yield)
                        ^^^^^

.venv\Lib\site-packages\pytest_asyncio\plugin.py:728: 
_ _ _ _ _ _ _ _ _ _ _ _ _ _ _ _ _ _ _ _ _ _ _ _ _ _ _ _ _ _ _ _ _ _ _ _ _ _ _ _
tests\conftest.py:14: in sample_project_path
    roadmap.write_text("""# Test Project Roadmap
C:\Users\Dave\AppData\Roaming\uv\python\cpython-3.12.11-windows-x86_64-none\Lib\pathlib.py:1048: in write_text
    return f.write(data)
           ^^^^^^^^^^^^^
_ _ _ _ _ _ _ _ _ _ _ _ _ _ _ _ _ _ _ _ _ _ _ _ _ _ _ _ _ _ _ _ _ _ _ _ _ _ _ _

self = <encodings.cp1252.IncrementalEncoder object at 0x0000017A020EA690>
input = '# Test Project Roadmap\\r\\n\\r\\n## Current Sprint\\r\\n\\r\\n### \U0001f534 First Feature\\r\\n**Priority: High**\\r\\n\\r\\nA test feature to implement.\\r\\n\\r\\n**Acceptance Criteria:**\\r\\n- It works\\r\\n\\r\\n## Completed\\r\\n\\r\\n*None yet*\\r\\n'
final = False

    def encode(self, input, final=False):
>       return codecs.charmap_encode(input,self.errors,encoding_table)[0]
               ^^^^^^^^^^^^^^^^^^^^^^^^^^^^^^^^^^^^^^^^^^^^^^^^^^^^^^^
E       UnicodeEncodeError: 'charmap' codec can't encode character '\U0001f534' in position 51: character maps to <undefined>

C:\Users\Dave\AppData\Roaming\uv\python\cpython-3.12.11-windows-x86_64-none\Lib\encodings\cp1252.py:19: UnicodeEncodeError
_________ ERROR at setup of TestProjectModel.test_has_best_practices __________

fixturedef = <FixtureDef argname='sample_project_path' scope='function' baseid='tests'>
request = <SubRequest 'sample_project_path' for <Function test_has_best_practices>>

    @pytest.hookimpl(wrapper=True)
    def pytest_fixture_setup(fixturedef: FixtureDef, request) -> object | None:
        asyncio_mode = _get_asyncio_mode(request.config)
        if not _is_asyncio_fixture_function(fixturedef.func):
            if asyncio_mode == Mode.STRICT:
                # Ignore async fixtures without explicit asyncio mark in strict mode
                # This applies to pytest_trio fixtures, for example
>               return (yield)
                        ^^^^^

.venv\Lib\site-packages\pytest_asyncio\plugin.py:728: 
_ _ _ _ _ _ _ _ _ _ _ _ _ _ _ _ _ _ _ _ _ _ _ _ _ _ _ _ _ _ _ _ _ _ _ _ _ _ _ _
tests\conftest.py:14: in sample_project_path
    roadmap.write_text("""# Test Project Roadmap
C:\Users\Dave\AppData\Roaming\uv\python\cpython-3.12.11-windows-x86_64-none\Lib\pathlib.py:1048: in write_text
    return f.write(data)
           ^^^^^^^^^^^^^
_ _ _ _ _ _ _ _ _ _ _ _ _ _ _ _ _ _ _ _ _ _ _ _ _ _ _ _ _ _ _ _ _ _ _ _ _ _ _ _

self = <encodings.cp1252.IncrementalEncoder object at 0x0000017A020EBC20>
input = '# Test Project Roadmap\\r\\n\\r\\n## Current Sprint\\r\\n\\r\\n### \U0001f534 First Feature\\r\\n**Priority: High**\\r\\n\\r\\nA test feature to implement.\\r\\n\\r\\n**Acceptance Criteria:**\\r\\n- It works\\r\\n\\r\\n## Completed\\r\\n\\r\\n*None yet*\\r\\n'
final = False

    def encode(self, input, final=False):
>       return codecs.charmap_encode(input,self.errors,encoding_table)[0]
               ^^^^^^^^^^^^^^^^^^^^^^^^^^^^^^^^^^^^^^^^^^^^^^^^^^^^^^^
E       UnicodeEncodeError: 'charmap' codec can't encode character '\U0001f534' in position 51: character maps to <undefined>

C:\Users\Dave\AppData\Roaming\uv\python\cpython-3.12.11-windows-x86_64-none\Lib\encodings\cp1252.py:19: UnicodeEncodeError
__________ ERROR at setup of TestProjectWorkflow.test_initial_state ___________

fixturedef = <FixtureDef argname='sample_project_path' scope='function' baseid='tests'>
request = <SubRequest 'sample_project_path' for <Function test_initial_state>>

    @pytest.hookimpl(wrapper=True)
    def pytest_fixture_setup(fixturedef: FixtureDef, request) -> object | None:
        asyncio_mode = _get_asyncio_mode(request.config)
        if not _is_asyncio_fixture_function(fixturedef.func):
            if asyncio_mode == Mode.STRICT:
                # Ignore async fixtures without explicit asyncio mark in strict mode
                # This applies to pytest_trio fixtures, for example
>               return (yield)
                        ^^^^^

.venv\Lib\site-packages\pytest_asyncio\plugin.py:728: 
_ _ _ _ _ _ _ _ _ _ _ _ _ _ _ _ _ _ _ _ _ _ _ _ _ _ _ _ _ _ _ _ _ _ _ _ _ _ _ _
tests\conftest.py:14: in sample_project_path
    roadmap.write_text("""# Test Project Roadmap
C:\Users\Dave\AppData\Roaming\uv\python\cpython-3.12.11-windows-x86_64-none\Lib\pathlib.py:1048: in write_text
    return f.write(data)
           ^^^^^^^^^^^^^
_ _ _ _ _ _ _ _ _ _ _ _ _ _ _ _ _ _ _ _ _ _ _ _ _ _ _ _ _ _ _ _ _ _ _ _ _ _ _ _

self = <encodings.cp1252.IncrementalEncoder object at 0x0000017A020EB620>
input = '# Test Project Roadmap\\r\\n\\r\\n## Current Sprint\\r\\n\\r\\n### \U0001f534 First Feature\\r\\n**Priority: High**\\r\\n\\r\\nA test feature to implement.\\r\\n\\r\\n**Acceptance Criteria:**\\r\\n- It works\\r\\n\\r\\n## Completed\\r\\n\\r\\n*None yet*\\r\\n'
final = False

    def encode(self, input, final=False):
>       return codecs.charmap_encode(input,self.errors,encoding_table)[0]
               ^^^^^^^^^^^^^^^^^^^^^^^^^^^^^^^^^^^^^^^^^^^^^^^^^^^^^^^
E       UnicodeEncodeError: 'charmap' codec can't encode character '\U0001f534' in position 51: character maps to <undefined>

C:\Users\Dave\AppData\Roaming\uv\python\cpython-3.12.11-windows-x86_64-none\Lib\encodings\cp1252.py:19: UnicodeEncodeError
_________ ERROR at setup of TestProjectWorkflow.test_start_transition _________

fixturedef = <FixtureDef argname='sample_project_path' scope='function' baseid='tests'>
request = <SubRequest 'sample_project_path' for <Function test_start_transition>>

    @pytest.hookimpl(wrapper=True)
    def pytest_fixture_setup(fixturedef: FixtureDef, request) -> object | None:
        asyncio_mode = _get_asyncio_mode(request.config)
        if not _is_asyncio_fixture_function(fixturedef.func):
            if asyncio_mode == Mode.STRICT:
                # Ignore async fixtures without explicit asyncio mark in strict mode
                # This applies to pytest_trio fixtures, for example
>               return (yield)
                        ^^^^^

.venv\Lib\site-packages\pytest_asyncio\plugin.py:728: 
_ _ _ _ _ _ _ _ _ _ _ _ _ _ _ _ _ _ _ _ _ _ _ _ _ _ _ _ _ _ _ _ _ _ _ _ _ _ _ _
tests\conftest.py:14: in sample_project_path
    roadmap.write_text("""# Test Project Roadmap
C:\Users\Dave\AppData\Roaming\uv\python\cpython-3.12.11-windows-x86_64-none\Lib\pathlib.py:1048: in write_text
    return f.write(data)
           ^^^^^^^^^^^^^
_ _ _ _ _ _ _ _ _ _ _ _ _ _ _ _ _ _ _ _ _ _ _ _ _ _ _ _ _ _ _ _ _ _ _ _ _ _ _ _

self = <encodings.cp1252.IncrementalEncoder object at 0x0000017A0219E3C0>
input = '# Test Project Roadmap\\r\\n\\r\\n## Current Sprint\\r\\n\\r\\n### \U0001f534 First Feature\\r\\n**Priority: High**\\r\\n\\r\\nA test feature to implement.\\r\\n\\r\\n**Acceptance Criteria:**\\r\\n- It works\\r\\n\\r\\n## Completed\\r\\n\\r\\n*None yet*\\r\\n'
final = False

    def encode(self, input, final=False):
>       return codecs.charmap_encode(input,self.errors,encoding_table)[0]
               ^^^^^^^^^^^^^^^^^^^^^^^^^^^^^^^^^^^^^^^^^^^^^^^^^^^^^^^
E       UnicodeEncodeError: 'charmap' codec can't encode character '\U0001f534' in position 51: character maps to <undefined>

C:\Users\Dave\AppData\Roaming\uv\python\cpython-3.12.11-windows-x86_64-none\Lib\encodings\cp1252.py:19: UnicodeEncodeError
_____ ERROR at setup of TestProjectWorkflow.test_planning_to_implementing _____

fixturedef = <FixtureDef argname='sample_project_path' scope='function' baseid='tests'>
request = <SubRequest 'sample_project_path' for <Function test_planning_to_implementing>>

    @pytest.hookimpl(wrapper=True)
    def pytest_fixture_setup(fixturedef: FixtureDef, request) -> object | None:
        asyncio_mode = _get_asyncio_mode(request.config)
        if not _is_asyncio_fixture_function(fixturedef.func):
            if asyncio_mode == Mode.STRICT:
                # Ignore async fixtures without explicit asyncio mark in strict mode
                # This applies to pytest_trio fixtures, for example
>               return (yield)
                        ^^^^^

.venv\Lib\site-packages\pytest_asyncio\plugin.py:728: 
_ _ _ _ _ _ _ _ _ _ _ _ _ _ _ _ _ _ _ _ _ _ _ _ _ _ _ _ _ _ _ _ _ _ _ _ _ _ _ _
tests\conftest.py:14: in sample_project_path
    roadmap.write_text("""# Test Project Roadmap
C:\Users\Dave\AppData\Roaming\uv\python\cpython-3.12.11-windows-x86_64-none\Lib\pathlib.py:1048: in write_text
    return f.write(data)
           ^^^^^^^^^^^^^
_ _ _ _ _ _ _ _ _ _ _ _ _ _ _ _ _ _ _ _ _ _ _ _ _ _ _ _ _ _ _ _ _ _ _ _ _ _ _ _

self = <encodings.cp1252.IncrementalEncoder object at 0x0000017A0219C6E0>
input = '# Test Project Roadmap\\r\\n\\r\\n## Current Sprint\\r\\n\\r\\n### \U0001f534 First Feature\\r\\n**Priority: High**\\r\\n\\r\\nA test feature to implement.\\r\\n\\r\\n**Acceptance Criteria:**\\r\\n- It works\\r\\n\\r\\n## Completed\\r\\n\\r\\n*None yet*\\r\\n'
final = False

    def encode(self, input, final=False):
>       return codecs.charmap_encode(input,self.errors,encoding_table)[0]
               ^^^^^^^^^^^^^^^^^^^^^^^^^^^^^^^^^^^^^^^^^^^^^^^^^^^^^^^
E       UnicodeEncodeError: 'charmap' codec can't encode character '\U0001f534' in position 51: character maps to <undefined>

C:\Users\Dave\AppData\Roaming\uv\python\cpython-3.12.11-windows-x86_64-none\Lib\encodings\cp1252.py:19: UnicodeEncodeError
__ ERROR at setup of TestProjectWorkflow.test_implementing_to_brainstorming ___

fixturedef = <FixtureDef argname='sample_project_path' scope='function' baseid='tests'>
request = <SubRequest 'sample_project_path' for <Function test_implementing_to_brainstorming>>

    @pytest.hookimpl(wrapper=True)
    def pytest_fixture_setup(fixturedef: FixtureDef, request) -> object | None:
        asyncio_mode = _get_asyncio_mode(request.config)
        if not _is_asyncio_fixture_function(fixturedef.func):
            if asyncio_mode == Mode.STRICT:
                # Ignore async fixtures without explicit asyncio mark in strict mode
                # This applies to pytest_trio fixtures, for example
>               return (yield)
                        ^^^^^

.venv\Lib\site-packages\pytest_asyncio\plugin.py:728: 
_ _ _ _ _ _ _ _ _ _ _ _ _ _ _ _ _ _ _ _ _ _ _ _ _ _ _ _ _ _ _ _ _ _ _ _ _ _ _ _
tests\conftest.py:14: in sample_project_path
    roadmap.write_text("""# Test Project Roadmap
C:\Users\Dave\AppData\Roaming\uv\python\cpython-3.12.11-windows-x86_64-none\Lib\pathlib.py:1048: in write_text
    return f.write(data)
           ^^^^^^^^^^^^^
_ _ _ _ _ _ _ _ _ _ _ _ _ _ _ _ _ _ _ _ _ _ _ _ _ _ _ _ _ _ _ _ _ _ _ _ _ _ _ _

self = <encodings.cp1252.IncrementalEncoder object at 0x0000017A0219F590>
input = '# Test Project Roadmap\\r\\n\\r\\n## Current Sprint\\r\\n\\r\\n### \U0001f534 First Feature\\r\\n**Priority: High**\\r\\n\\r\\nA test feature to implement.\\r\\n\\r\\n**Acceptance Criteria:**\\r\\n- It works\\r\\n\\r\\n## Completed\\r\\n\\r\\n*None yet*\\r\\n'
final = False

    def encode(self, input, final=False):
>       return codecs.charmap_encode(input,self.errors,encoding_table)[0]
               ^^^^^^^^^^^^^^^^^^^^^^^^^^^^^^^^^^^^^^^^^^^^^^^^^^^^^^^
E       UnicodeEncodeError: 'charmap' codec can't encode character '\U0001f534' in position 51: character maps to <undefined>

C:\Users\Dave\AppData\Roaming\uv\python\cpython-3.12.11-windows-x86_64-none\Lib\encodings\cp1252.py:19: UnicodeEncodeError
___ ERROR at setup of TestProjectWorkflow.test_brainstorming_to_committing ____

fixturedef = <FixtureDef argname='sample_project_path' scope='function' baseid='tests'>
request = <SubRequest 'sample_project_path' for <Function test_brainstorming_to_committing>>

    @pytest.hookimpl(wrapper=True)
    def pytest_fixture_setup(fixturedef: FixtureDef, request) -> object | None:
        asyncio_mode = _get_asyncio_mode(request.config)
        if not _is_asyncio_fixture_function(fixturedef.func):
            if asyncio_mode == Mode.STRICT:
                # Ignore async fixtures without explicit asyncio mark in strict mode
                # This applies to pytest_trio fixtures, for example
>               return (yield)
                        ^^^^^

.venv\Lib\site-packages\pytest_asyncio\plugin.py:728: 
_ _ _ _ _ _ _ _ _ _ _ _ _ _ _ _ _ _ _ _ _ _ _ _ _ _ _ _ _ _ _ _ _ _ _ _ _ _ _ _
tests\conftest.py:14: in sample_project_path
    roadmap.write_text("""# Test Project Roadmap
C:\Users\Dave\AppData\Roaming\uv\python\cpython-3.12.11-windows-x86_64-none\Lib\pathlib.py:1048: in write_text
    return f.write(data)
           ^^^^^^^^^^^^^
_ _ _ _ _ _ _ _ _ _ _ _ _ _ _ _ _ _ _ _ _ _ _ _ _ _ _ _ _ _ _ _ _ _ _ _ _ _ _ _

self = <encodings.cp1252.IncrementalEncoder object at 0x0000017A0219DF40>
input = '# Test Project Roadmap\\r\\n\\r\\n## Current Sprint\\r\\n\\r\\n### \U0001f534 First Feature\\r\\n**Priority: High**\\r\\n\\r\\nA test feature to implement.\\r\\n\\r\\n**Acceptance Criteria:**\\r\\n- It works\\r\\n\\r\\n## Completed\\r\\n\\r\\n*None yet*\\r\\n'
final = False

    def encode(self, input, final=False):
>       return codecs.charmap_encode(input,self.errors,encoding_table)[0]
               ^^^^^^^^^^^^^^^^^^^^^^^^^^^^^^^^^^^^^^^^^^^^^^^^^^^^^^^
E       UnicodeEncodeError: 'charmap' codec can't encode character '\U0001f534' in position 51: character maps to <undefined>

C:\Users\Dave\AppData\Roaming\uv\python\cpython-3.12.11-windows-x86_64-none\Lib\encodings\cp1252.py:19: UnicodeEncodeError
____________ ERROR at setup of TestProjectWorkflow.test_full_cycle ____________

fixturedef = <FixtureDef argname='sample_project_path' scope='function' baseid='tests'>
request = <SubRequest 'sample_project_path' for <Function test_full_cycle>>

    @pytest.hookimpl(wrapper=True)
    def pytest_fixture_setup(fixturedef: FixtureDef, request) -> object | None:
        asyncio_mode = _get_asyncio_mode(request.config)
        if not _is_asyncio_fixture_function(fixturedef.func):
            if asyncio_mode == Mode.STRICT:
                # Ignore async fixtures without explicit asyncio mark in strict mode
                # This applies to pytest_trio fixtures, for example
>               return (yield)
                        ^^^^^

.venv\Lib\site-packages\pytest_asyncio\plugin.py:728: 
_ _ _ _ _ _ _ _ _ _ _ _ _ _ _ _ _ _ _ _ _ _ _ _ _ _ _ _ _ _ _ _ _ _ _ _ _ _ _ _
tests\conftest.py:14: in sample_project_path
    roadmap.write_text("""# Test Project Roadmap
C:\Users\Dave\AppData\Roaming\uv\python\cpython-3.12.11-windows-x86_64-none\Lib\pathlib.py:1048: in write_text
    return f.write(data)
           ^^^^^^^^^^^^^
_ _ _ _ _ _ _ _ _ _ _ _ _ _ _ _ _ _ _ _ _ _ _ _ _ _ _ _ _ _ _ _ _ _ _ _ _ _ _ _

self = <encodings.cp1252.IncrementalEncoder object at 0x0000017A020EB980>
input = '# Test Project Roadmap\\r\\n\\r\\n## Current Sprint\\r\\n\\r\\n### \U0001f534 First Feature\\r\\n**Priority: High**\\r\\n\\r\\nA test feature to implement.\\r\\n\\r\\n**Acceptance Criteria:**\\r\\n- It works\\r\\n\\r\\n## Completed\\r\\n\\r\\n*None yet*\\r\\n'
final = False

    def encode(self, input, final=False):
>       return codecs.charmap_encode(input,self.errors,encoding_table)[0]
               ^^^^^^^^^^^^^^^^^^^^^^^^^^^^^^^^^^^^^^^^^^^^^^^^^^^^^^^
E       UnicodeEncodeError: 'charmap' codec can't encode character '\U0001f534' in position 51: character maps to <undefined>

C:\Users\Dave\AppData\Roaming\uv\python\cpython-3.12.11-windows-x86_64-none\Lib\encodings\cp1252.py:19: UnicodeEncodeError
__________ ERROR at setup of TestProjectWorkflow.test_error_recovery __________

fixturedef = <FixtureDef argname='sample_project_path' scope='function' baseid='tests'>
request = <SubRequest 'sample_project_path' for <Function test_error_recovery>>

    @pytest.hookimpl(wrapper=True)
    def pytest_fixture_setup(fixturedef: FixtureDef, request) -> object | None:
        asyncio_mode = _get_asyncio_mode(request.config)
        if not _is_asyncio_fixture_function(fixturedef.func):
            if asyncio_mode == Mode.STRICT:
                # Ignore async fixtures without explicit asyncio mark in strict mode
                # This applies to pytest_trio fixtures, for example
>               return (yield)
                        ^^^^^

.venv\Lib\site-packages\pytest_asyncio\plugin.py:728: 
_ _ _ _ _ _ _ _ _ _ _ _ _ _ _ _ _ _ _ _ _ _ _ _ _ _ _ _ _ _ _ _ _ _ _ _ _ _ _ _
tests\conftest.py:14: in sample_project_path
    roadmap.write_text("""# Test Project Roadmap
C:\Users\Dave\AppData\Roaming\uv\python\cpython-3.12.11-windows-x86_64-none\Lib\pathlib.py:1048: in write_text
    return f.write(data)
           ^^^^^^^^^^^^^
_ _ _ _ _ _ _ _ _ _ _ _ _ _ _ _ _ _ _ _ _ _ _ _ _ _ _ _ _ _ _ _ _ _ _ _ _ _ _ _

self = <encodings.cp1252.IncrementalEncoder object at 0x0000017A0219D640>
input = '# Test Project Roadmap\\r\\n\\r\\n## Current Sprint\\r\\n\\r\\n### \U0001f534 First Feature\\r\\n**Priority: High**\\r\\n\\r\\nA test feature to implement.\\r\\n\\r\\n**Acceptance Criteria:**\\r\\n- It works\\r\\n\\r\\n## Completed\\r\\n\\r\\n*None yet*\\r\\n'
final = False

    def encode(self, input, final=False):
>       return codecs.charmap_encode(input,self.errors,encoding_table)[0]
               ^^^^^^^^^^^^^^^^^^^^^^^^^^^^^^^^^^^^^^^^^^^^^^^^^^^^^^^
E       UnicodeEncodeError: 'charmap' codec can't encode character '\U0001f534' in position 51: character maps to <undefined>

C:\Users\Dave\AppData\Roaming\uv\python\cpython-3.12.11-windows-x86_64-none\Lib\encodings\cp1252.py:19: UnicodeEncodeError
_______ ERROR at setup of TestProjectWorkflow.test_pause_from_any_state _______

fixturedef = <FixtureDef argname='sample_project_path' scope='function' baseid='tests'>
request = <SubRequest 'sample_project_path' for <Function test_pause_from_any_state>>

    @pytest.hookimpl(wrapper=True)
    def pytest_fixture_setup(fixturedef: FixtureDef, request) -> object | None:
        asyncio_mode = _get_asyncio_mode(request.config)
        if not _is_asyncio_fixture_function(fixturedef.func):
            if asyncio_mode == Mode.STRICT:
                # Ignore async fixtures without explicit asyncio mark in strict mode
                # This applies to pytest_trio fixtures, for example
>               return (yield)
                        ^^^^^

.venv\Lib\site-packages\pytest_asyncio\plugin.py:728: 
_ _ _ _ _ _ _ _ _ _ _ _ _ _ _ _ _ _ _ _ _ _ _ _ _ _ _ _ _ _ _ _ _ _ _ _ _ _ _ _
tests\conftest.py:14: in sample_project_path
    roadmap.write_text("""# Test Project Roadmap
C:\Users\Dave\AppData\Roaming\uv\python\cpython-3.12.11-windows-x86_64-none\Lib\pathlib.py:1048: in write_text
    return f.write(data)
           ^^^^^^^^^^^^^
_ _ _ _ _ _ _ _ _ _ _ _ _ _ _ _ _ _ _ _ _ _ _ _ _ _ _ _ _ _ _ _ _ _ _ _ _ _ _ _

self = <encodings.cp1252.IncrementalEncoder object at 0x0000017A0219F470>
input = '# Test Project Roadmap\\r\\n\\r\\n## Current Sprint\\r\\n\\r\\n### \U0001f534 First Feature\\r\\n**Priority: High**\\r\\n\\r\\nA test feature to implement.\\r\\n\\r\\n**Acceptance Criteria:**\\r\\n- It works\\r\\n\\r\\n## Completed\\r\\n\\r\\n*None yet*\\r\\n'
final = False

    def encode(self, input, final=False):
>       return codecs.charmap_encode(input,self.errors,encoding_table)[0]
               ^^^^^^^^^^^^^^^^^^^^^^^^^^^^^^^^^^^^^^^^^^^^^^^^^^^^^^^
E       UnicodeEncodeError: 'charmap' codec can't encode character '\U0001f534' in position 51: character maps to <undefined>

C:\Users\Dave\AppData\Roaming\uv\python\cpython-3.12.11-windows-x86_64-none\Lib\encodings\cp1252.py:19: UnicodeEncodeError
______ ERROR at setup of TestProjectWorkflow.test_state_change_callback _______

fixturedef = <FixtureDef argname='sample_project_path' scope='function' baseid='tests'>
request = <SubRequest 'sample_project_path' for <Function test_state_change_callback>>

    @pytest.hookimpl(wrapper=True)
    def pytest_fixture_setup(fixturedef: FixtureDef, request) -> object | None:
        asyncio_mode = _get_asyncio_mode(request.config)
        if not _is_asyncio_fixture_function(fixturedef.func):
            if asyncio_mode == Mode.STRICT:
                # Ignore async fixtures without explicit asyncio mark in strict mode
                # This applies to pytest_trio fixtures, for example
>               return (yield)
                        ^^^^^

.venv\Lib\site-packages\pytest_asyncio\plugin.py:728: 
_ _ _ _ _ _ _ _ _ _ _ _ _ _ _ _ _ _ _ _ _ _ _ _ _ _ _ _ _ _ _ _ _ _ _ _ _ _ _ _
tests\conftest.py:14: in sample_project_path
    roadmap.write_text("""# Test Project Roadmap
C:\Users\Dave\AppData\Roaming\uv\python\cpython-3.12.11-windows-x86_64-none\Lib\pathlib.py:1048: in write_text
    return f.write(data)
           ^^^^^^^^^^^^^
_ _ _ _ _ _ _ _ _ _ _ _ _ _ _ _ _ _ _ _ _ _ _ _ _ _ _ _ _ _ _ _ _ _ _ _ _ _ _ _

self = <encodings.cp1252.IncrementalEncoder object at 0x0000017A0219D940>
input = '# Test Project Roadmap\\r\\n\\r\\n## Current Sprint\\r\\n\\r\\n### \U0001f534 First Feature\\r\\n**Priority: High**\\r\\n\\r\\nA test feature to implement.\\r\\n\\r\\n**Acceptance Criteria:**\\r\\n- It works\\r\\n\\r\\n## Completed\\r\\n\\r\\n*None yet*\\r\\n'
final = False

    def encode(self, input, final=False):
>       return codecs.charmap_encode(input,self.errors,encoding_table)[0]
               ^^^^^^^^^^^^^^^^^^^^^^^^^^^^^^^^^^^^^^^^^^^^^^^^^^^^^^^
E       UnicodeEncodeError: 'charmap' codec can't encode character '\U0001f534' in position 51: character maps to <undefined>

C:\Users\Dave\AppData\Roaming\uv\python\cpython-3.12.11-windows-x86_64-none\Lib\encodings\cp1252.py:19: UnicodeEncodeError
________ ERROR at setup of TestProjectWorkflow.test_get_ascii_diagram _________

fixturedef = <FixtureDef argname='sample_project_path' scope='function' baseid='tests'>
request = <SubRequest 'sample_project_path' for <Function test_get_ascii_diagram>>

    @pytest.hookimpl(wrapper=True)
    def pytest_fixture_setup(fixturedef: FixtureDef, request) -> object | None:
        asyncio_mode = _get_asyncio_mode(request.config)
        if not _is_asyncio_fixture_function(fixturedef.func):
            if asyncio_mode == Mode.STRICT:
                # Ignore async fixtures without explicit asyncio mark in strict mode
                # This applies to pytest_trio fixtures, for example
>               return (yield)
                        ^^^^^

.venv\Lib\site-packages\pytest_asyncio\plugin.py:728: 
_ _ _ _ _ _ _ _ _ _ _ _ _ _ _ _ _ _ _ _ _ _ _ _ _ _ _ _ _ _ _ _ _ _ _ _ _ _ _ _
tests\conftest.py:14: in sample_project_path
    roadmap.write_text("""# Test Project Roadmap
C:\Users\Dave\AppData\Roaming\uv\python\cpython-3.12.11-windows-x86_64-none\Lib\pathlib.py:1048: in write_text
    return f.write(data)
           ^^^^^^^^^^^^^
_ _ _ _ _ _ _ _ _ _ _ _ _ _ _ _ _ _ _ _ _ _ _ _ _ _ _ _ _ _ _ _ _ _ _ _ _ _ _ _

self = <encodings.cp1252.IncrementalEncoder object at 0x0000017A021BA720>
input = '# Test Project Roadmap\\r\\n\\r\\n## Current Sprint\\r\\n\\r\\n### \U0001f534 First Feature\\r\\n**Priority: High**\\r\\n\\r\\nA test feature to implement.\\r\\n\\r\\n**Acceptance Criteria:**\\r\\n- It works\\r\\n\\r\\n## Completed\\r\\n\\r\\n*None yet*\\r\\n'
final = False

    def encode(self, input, final=False):
>       return codecs.charmap_encode(input,self.errors,encoding_table)[0]
               ^^^^^^^^^^^^^^^^^^^^^^^^^^^^^^^^^^^^^^^^^^^^^^^^^^^^^^^
E       UnicodeEncodeError: 'charmap' codec can't encode character '\U0001f534' in position 51: character maps to <undefined>

C:\Users\Dave\AppData\Roaming\uv\python\cpython-3.12.11-windows-x86_64-none\Lib\encodings\cp1252.py:19: UnicodeEncodeError
________ ERROR at setup of TestProjectWorkflow.test_get_diagram_source ________

fixturedef = <FixtureDef argname='sample_project_path' scope='function' baseid='tests'>
request = <SubRequest 'sample_project_path' for <Function test_get_diagram_source>>

    @pytest.hookimpl(wrapper=True)
    def pytest_fixture_setup(fixturedef: FixtureDef, request) -> object | None:
        asyncio_mode = _get_asyncio_mode(request.config)
        if not _is_asyncio_fixture_function(fixturedef.func):
            if asyncio_mode == Mode.STRICT:
                # Ignore async fixtures without explicit asyncio mark in strict mode
                # This applies to pytest_trio fixtures, for example
>               return (yield)
                        ^^^^^

.venv\Lib\site-packages\pytest_asyncio\plugin.py:728: 
_ _ _ _ _ _ _ _ _ _ _ _ _ _ _ _ _ _ _ _ _ _ _ _ _ _ _ _ _ _ _ _ _ _ _ _ _ _ _ _
tests\conftest.py:14: in sample_project_path
    roadmap.write_text("""# Test Project Roadmap
C:\Users\Dave\AppData\Roaming\uv\python\cpython-3.12.11-windows-x86_64-none\Lib\pathlib.py:1048: in write_text
    return f.write(data)
           ^^^^^^^^^^^^^
_ _ _ _ _ _ _ _ _ _ _ _ _ _ _ _ _ _ _ _ _ _ _ _ _ _ _ _ _ _ _ _ _ _ _ _ _ _ _ _

self = <encodings.cp1252.IncrementalEncoder object at 0x0000017A021B87A0>
input = '# Test Project Roadmap\\r\\n\\r\\n## Current Sprint\\r\\n\\r\\n### \U0001f534 First Feature\\r\\n**Priority: High**\\r\\n\\r\\nA test feature to implement.\\r\\n\\r\\n**Acceptance Criteria:**\\r\\n- It works\\r\\n\\r\\n## Completed\\r\\n\\r\\n*None yet*\\r\\n'
final = False

    def encode(self, input, final=False):
>       return codecs.charmap_encode(input,self.errors,encoding_table)[0]
               ^^^^^^^^^^^^^^^^^^^^^^^^^^^^^^^^^^^^^^^^^^^^^^^^^^^^^^^
E       UnicodeEncodeError: 'charmap' codec can't encode character '\U0001f534' in position 51: character maps to <undefined>

C:\Users\Dave\AppData\Roaming\uv\python\cpython-3.12.11-windows-x86_64-none\Lib\encodings\cp1252.py:19: UnicodeEncodeError
=========================== short test summary info ===========================
ERROR tests/unit/test_models.py::TestProjectModel::test_has_roadmap - Unicode...
ERROR tests/unit/test_models.py::TestProjectModel::test_has_best_practices - ...
ERROR tests/unit/test_workflow.py::TestProjectWorkflow::test_initial_state - ...
ERROR tests/unit/test_workflow.py::TestProjectWorkflow::test_start_transition
ERROR tests/unit/test_workflow.py::TestProjectWorkflow::test_planning_to_implementing
ERROR tests/unit/test_workflow.py::TestProjectWorkflow::test_implementing_to_brainstorming
ERROR tests/unit/test_workflow.py::TestProjectWorkflow::test_brainstorming_to_committing
ERROR tests/unit/test_workflow.py::TestProjectWorkflow::test_full_cycle - Uni...
ERROR tests/unit/test_workflow.py::TestProjectWorkflow::test_error_recovery
ERROR tests/unit/test_workflow.py::TestProjectWorkflow::test_pause_from_any_state
ERROR tests/unit/test_workflow.py::TestProjectWorkflow::test_state_change_callback
ERROR tests/unit/test_workflow.py::TestProjectWorkflow::test_get_ascii_diagram
ERROR tests/unit/test_workflow.py::TestProjectWorkflow::test_get_diagram_source
======================== 14 passed, 13 errors in 0.51s ========================
